20:12:16 **** Incremental Build of configuration Debug for project LCD_TFT_004_Tests_LCD_OK_TCHOK_SD_OK_TEXT_OK ****
make -j8 all 
arm-none-eabi-gcc "../Core/Src/LCD_SCREEN.c" -mcpu=cortex-m4 -std=gnu11 -g3 -DUSE_HAL_DRIVER -DSTM32F446xx -DDEBUG -c -I../Drivers/CMSIS/Include -I../Drivers/STM32F4xx_HAL_Driver/Inc -I../Core/Inc -I../Drivers/CMSIS/Device/ST/STM32F4xx/Include -I../Drivers/STM32F4xx_HAL_Driver/Inc/Legacy -O0 -ffunction-sections -fdata-sections -Wall -fstack-usage -MMD -MP -MF"Core/Src/LCD_SCREEN.d" -MT"Core/Src/LCD_SCREEN.o" --specs=nano.specs -mfpu=fpv4-sp-d16 -mfloat-abi=hard -mthumb -o "Core/Src/LCD_SCREEN.o"
arm-none-eabi-gcc -o "LCD_TFT_004_Tests_LCD_OK_TCHOK_SD_OK_TEXT_OK.elf" @"objects.list"   -mcpu=cortex-m4 -T"C:\Users\El_an\Embedded-C\RepositorioLCDShield\LCD_TFT_004_Tests_LCD_OK_TCHOK_SD_OK_TEXT_OK\STM32F446RETX_FLASH.ld" -Wl,-Map="LCD_TFT_004_Tests_LCD_OK_TCHOK_SD_OK_TEXT_OK.map" -Wl,--gc-sections -static --specs=nano.specs -mfpu=fpv4-sp-d16 -mfloat-abi=hard -mthumb -Wl,--start-group -lc -lm -Wl,--end-group
Finished building target: LCD_TFT_004_Tests_LCD_OK_TCHOK_SD_OK_TEXT_OK.elf
 
arm-none-eabi-objdump -h -S  LCD_TFT_004_Tests_LCD_OK_TCHOK_SD_OK_TEXT_OK.elf  > "LCD_TFT_004_Tests_LCD_OK_TCHOK_SD_OK_TEXT_OK.list"
arm-none-eabi-objcopy  -O binary  LCD_TFT_004_Tests_LCD_OK_TCHOK_SD_OK_TEXT_OK.elf  "LCD_TFT_004_Tests_LCD_OK_TCHOK_SD_OK_TEXT_OK.bin"
arm-none-eabi-size   LCD_TFT_004_Tests_LCD_OK_TCHOK_SD_OK_TEXT_OK.elf 
   text	   data	    bss	    dec	    hex	filename
  18488	     60	   2396	  20944	   51d0	LCD_TFT_004_Tests_LCD_OK_TCHOK_SD_OK_TEXT_OK.elf
Finished building: default.size.stdout
Finished building: LCD_TFT_004_Tests_LCD_OK_TCHOK_SD_OK_TEXT_OK.bin
Finished building: LCD_TFT_004_Tests_LCD_OK_TCHOK_SD_OK_TEXT_OK.list
 
 
 

20:12:20 Build Finished. 0 errors, 0 warnings. (took 4s.249ms)

